// Jest Snapshot v1, https://goo.gl/fbAQLP

exports[`loadSourceCities Saga should call the loadSourceCitiesFail action if the response errors 1`] = `
Object {
  "@@redux-saga/IO": true,
  "combinator": false,
  "payload": Object {
    "args": Array [
      undefined,
    ],
    "context": null,
    "fn": [Function],
  },
  "type": "CALL",
}
`;

exports[`loadSourceCities Saga should dispatch the loadSourceCitiesSuccess action if it requests the data successfully 1`] = `
Object {
  "@@redux-saga/IO": true,
  "combinator": false,
  "payload": Object {
    "args": Array [
      undefined,
    ],
    "context": null,
    "fn": [Function],
  },
  "type": "CALL",
}
`;
